==========================================
search in P-STATEMENT-TEST : initCfg =>! 
<k>  .Stmt
</k> 
<machines>  
    M1 |-> S1:Stmt   
    M2 |-> S2:Stmt  
</machines> such that S1:Stmt == m1 = true /\ S2:Stmt == m2 = true .

Solution 1 (state 2)
S1:Stmt --> machine M1 ; {
  x : int ;
  y : int ;
}
S2:Stmt --> machine M2 ; {
  a : int ;
  b : int ;
}

No more solutions.
Bye.
