==========================================
reduce in P-CONFIGURATION-TEST : 
<soup>  
<
    x = 1
  |    
.Map  
>
</soup> .
result Cell: 
<soup>  
<
    x = 1
  |    
.Map  
>
</soup>
==========================================
reduce in P-CONFIGURATION-TEST : 
<k>  x = x + 1 ;
</k> 
<machines>  
    M1 |-> machine M1 ; {
      x = 2 ;
    }   
    M2 |-> machine M2 ; {
      x = 1 ;
    }  
</machines> .
result Cells: 
<k>  x = x + 1 ;
</k> 
<machines>  
    M1 |-> machine M1 ; {
      x = 2 ;
    }   
    M2 |-> machine M2 ; {
      x = 1 ;
    }  
</machines>
==========================================
reduce in P-CONFIGURATION-TEST : 
<machines>  
    M1 |-> machine M1 ; {
      x = 2 ;
    }   
    M2 |-> machine M2 ; {
      x = 1 ;
    }  
</machines> 
<soup>  
<
    x : int ;
    y : int ;
  |    
.Map  
>
</soup> .
result Cells: 
<machines>  
    M1 |-> machine M1 ; {
      x = 2 ;
    }   
    M2 |-> machine M2 ; {
      x = 1 ;
    }  
</machines> 
<soup>  
<
    x : int ;
    y : int ;
  |    
.Map  
>
</soup>
Bye.
